ID(arithmetic)
PLUS
MINUS
MUL
DIV
MOD
ID(relational)
EQ
NE
GE
LE
GT
LT
ID(logical)
NOT
AND
OR
ID(bitwise)
BITWISEAND
BITWISEOR
BITWISEXOR
ID(assign)
ASSIGN
