ID(keywords)
RESERVED(auto)
RESERVED(break)
RESERVED(case)
RESERVED(const)
RESERVED(continue)
RESERVED(default)
RESERVED(do)
RESERVED(enum)
RESERVED(extern)
RESERVED(float)
RESERVED(for)
RESERVED(goto)
RESERVED(inline)
RESERVED(long)
RESERVED(register)
RESERVED(restrict)
RESERVED(signed)
RESERVED(sizeof)
RESERVED(static)
RESERVED(struct)
RESERVED(switch)
RESERVED(typedef)
RESERVED(union)
RESERVED(unsigned)
RESERVED(volatile)
RESERVED(_Bool)
RESERVED(_Complex)
RESERVED(_Imaginary)
ID(types)
CHAR
INT
SHORT
DOUBLE
VOID
ID(conditional)
ELSE
WHILE
IF
RETURN
