DIV
ID(carater)
ID(ilegal)
MUL
DIV
ID(function)
LPAR
INT
ID(id)
RPAR
Line 13, col 5: unterminated comment
