ID(main)
ID(main)
LPAR
RPAR
INTLIT(9)
ID(main)
ID(mai)
ID(n)
ID(m293)
ID(_main56)
