REALLIT(10.)
REALLIT(10.5)
REALLIT(10.e20)
REALLIT(10.5e-20)
REALLIT(10.5e+20)
REALLIT(10.5E-20)
REALLIT(10.5E+20)
REALLIT(10.5E20)
REALLIT(10.5e20)
REALLIT(.10)
REALLIT(.10e-20)
INTLIT(10)
ID(f20)
ID(f)
REALLIT(.10)
Line 14, col 4: illegal character (.)
ID(e)
MINUS
INTLIT(20)
Line 16, col 1: illegal character (.)
ID(e)
MINUS
INTLIT(20)
MINUS
REALLIT(20.)
